
   FAIL  Tests\Feature\Admin\InstructorApprovalTest
  Γ£ô admin caΓÇª 0.51s  
  Γ£ô admin caΓÇª 0.03s  
  Γ¿» admin caΓÇª 0.04s  
  ΓöÇΓöÇΓöÇΓöÇΓöÇΓöÇΓöÇΓöÇΓöÇΓöÇΓöÇΓöÇΓöÇΓöÇΓöÇΓöÇΓöÇ  
   FAILED  TestsΓÇª   
  Failed asserting that 1 is true.

  at tests\Feature\Admin\InstructorApprovalTest.php:43
     39Γûò 
     40Γûò         $response = $this->actingAs($admin)->post(route('admin.instructors.approve', $instructor));
     41Γûò 
     42Γûò         $response->assertRedirect();
  Γ₧£  43Γûò         $this->assertTrue($instructor->fresh()->is_approved);
     44Γûò     }
     45Γûò }
     46Γûò

  1   tests\Feature\Admin\InstructorApprovalTest.php:43


  Tests:    1 failed, 2 passed (7 assertions)
  Duration: 0.90s

